// Jest Snapshot v1, https://goo.gl/fbAQLP

exports[`Scheduler runs tasks in the right order 1`] = `
Array [
  Array [
    Object {
      "project": Object {
        "name": "root",
      },
      "rootDir": "",
    },
  ],
  Array [
    Object {
      "project": Object {
        "name": "shared",
      },
      "rootDir": "",
    },
  ],
  Array [
    Object {
      "project": Object {
        "name": "api",
      },
      "rootDir": "",
    },
  ],
  Array [
    Object {
      "project": Object {
        "name": "app",
      },
      "rootDir": "",
    },
  ],
]
`;
